INFO:     Started server process [18595]
INFO:     Waiting for application startup.
INFO:     Application startup complete.
INFO:     Uvicorn running on http://127.0.0.1:8000 (Press CTRL+C to quit)
INFO:     127.0.0.1:35106 - "GET /portal/login HTTP/1.1" 200 OK
INFO:     127.0.0.1:35106 - "GET /static/css/portal.css HTTP/1.1" 200 OK
INFO:     127.0.0.1:35106 - "GET /portal/queue HTTP/1.1" 500 Internal Server Error
ERROR:    Exception in ASGI application
Traceback (most recent call last):
  File "/home/aditya/Downloads/SIH 2026/V1/venv/lib/python3.12/site-packages/uvicorn/protocols/http/httptools_impl.py", line 422, in run_asgi
    result = await app(  # type: ignore[func-returns-value]
             ^^^^^^^^^^^^^^^^^^^^^^^^^^^^^^^^^^^^^^^^^^^^^^
  File "/home/aditya/Downloads/SIH 2026/V1/venv/lib/python3.12/site-packages/uvicorn/middleware/proxy_headers.py", line 63, in __call__
    return await self.app(scope, receive, send)
           ^^^^^^^^^^^^^^^^^^^^^^^^^^^^^^^^^^^^
  File "/home/aditya/Downloads/SIH 2026/V1/venv/lib/python3.12/site-packages/fastapi/applications.py", line 1163, in __call__
    await super().__call__(scope, receive, send)
  File "/home/aditya/Downloads/SIH 2026/V1/venv/lib/python3.12/site-packages/starlette/applications.py", line 96, in __call__
    await self.middleware_stack(scope, receive, send)
  File "/home/aditya/Downloads/SIH 2026/V1/venv/lib/python3.12/site-packages/starlette/middleware/errors.py", line 186, in __call__
    raise exc
  File "/home/aditya/Downloads/SIH 2026/V1/venv/lib/python3.12/site-packages/starlette/middleware/errors.py", line 164, in __call__
    await self.app(scope, receive, _send)
  File "/home/aditya/Downloads/SIH 2026/V1/venv/lib/python3.12/site-packages/starlette/middleware/cors.py", line 88, in __call__
    await self.app(scope, receive, send)
  File "/home/aditya/Downloads/SIH 2026/V1/venv/lib/python3.12/site-packages/starlette/middleware/exceptions.py", line 63, in __call__
    await wrap_app_handling_exceptions(self.app, conn)(scope, receive, send)
  File "/home/aditya/Downloads/SIH 2026/V1/venv/lib/python3.12/site-packages/starlette/_exception_handler.py", line 53, in wrapped_app
    raise exc
  File "/home/aditya/Downloads/SIH 2026/V1/venv/lib/python3.12/site-packages/starlette/_exception_handler.py", line 42, in wrapped_app
    await app(scope, receive, sender)
  File "/home/aditya/Downloads/SIH 2026/V1/venv/lib/python3.12/site-packages/fastapi/middleware/asyncexitstack.py", line 18, in __call__
    await self.app(scope, receive, send)
  File "/home/aditya/Downloads/SIH 2026/V1/venv/lib/python3.12/site-packages/starlette/routing.py", line 670, in __call__
    await self.middleware_stack(scope, receive, send)
  File "/home/aditya/Downloads/SIH 2026/V1/venv/lib/python3.12/site-packages/fastapi/routing.py", line 2734, in app
    await route.handle(scope, receive, send)
  File "/home/aditya/Downloads/SIH 2026/V1/venv/lib/python3.12/site-packages/fastapi/routing.py", line 1780, in handle
    await self.original_router.handle(scope, receive, send)
  File "/home/aditya/Downloads/SIH 2026/V1/venv/lib/python3.12/site-packages/fastapi/routing.py", line 2789, in handle
    await included_router._handle_selected(scope, receive, send)
  File "/home/aditya/Downloads/SIH 2026/V1/venv/lib/python3.12/site-packages/fastapi/routing.py", line 1800, in _handle_selected
    await original_route.handle(scope, receive, send)
  File "/home/aditya/Downloads/SIH 2026/V1/venv/lib/python3.12/site-packages/fastapi/routing.py", line 1279, in handle
    await app(scope, receive, send)
  File "/home/aditya/Downloads/SIH 2026/V1/venv/lib/python3.12/site-packages/fastapi/routing.py", line 158, in app
    await wrap_app_handling_exceptions(app, request)(scope, receive, send)
  File "/home/aditya/Downloads/SIH 2026/V1/venv/lib/python3.12/site-packages/starlette/_exception_handler.py", line 53, in wrapped_app
    raise exc
  File "/home/aditya/Downloads/SIH 2026/V1/venv/lib/python3.12/site-packages/starlette/_exception_handler.py", line 42, in wrapped_app
    await app(scope, receive, sender)
  File "/home/aditya/Downloads/SIH 2026/V1/venv/lib/python3.12/site-packages/fastapi/routing.py", line 144, in app
    response = await f(request)
               ^^^^^^^^^^^^^^^^
  File "/home/aditya/Downloads/SIH 2026/V1/venv/lib/python3.12/site-packages/fastapi/routing.py", line 706, in app
    raw_response = await run_endpoint_function(
                   ^^^^^^^^^^^^^^^^^^^^^^^^^^^^
  File "/home/aditya/Downloads/SIH 2026/V1/venv/lib/python3.12/site-packages/fastapi/routing.py", line 352, in run_endpoint_function
    return await dependant.call(**values)
           ^^^^^^^^^^^^^^^^^^^^^^^^^^^^^^
  File "/home/aditya/Downloads/SIH 2026/V1/backend/app/portal_router.py", line 51, in portal_queue
    if patient and patient.birth_date:
                   ^^^^^^^^^^^^^^^^^^
AttributeError: 'User' object has no attribute 'birth_date'
INFO:     127.0.0.1:33842 - "GET /portal/admin HTTP/1.1" 403 Forbidden
INFO:     127.0.0.1:33848 - "GET /portal/login HTTP/1.1" 200 OK
INFO:     127.0.0.1:33848 - "GET /static/css/portal.css HTTP/1.1" 200 OK
INFO:     127.0.0.1:33848 - "GET /portal/admin HTTP/1.1" 200 OK
INFO:     127.0.0.1:33848 - "GET /static/js/portal.js HTTP/1.1" 200 OK
INFO:     127.0.0.1:33848 - "GET /portal/queue HTTP/1.1" 500 Internal Server Error
ERROR:    Exception in ASGI application
Traceback (most recent call last):
  File "/home/aditya/Downloads/SIH 2026/V1/venv/lib/python3.12/site-packages/uvicorn/protocols/http/httptools_impl.py", line 422, in run_asgi
    result = await app(  # type: ignore[func-returns-value]
             ^^^^^^^^^^^^^^^^^^^^^^^^^^^^^^^^^^^^^^^^^^^^^^
  File "/home/aditya/Downloads/SIH 2026/V1/venv/lib/python3.12/site-packages/uvicorn/middleware/proxy_headers.py", line 63, in __call__
    return await self.app(scope, receive, send)
           ^^^^^^^^^^^^^^^^^^^^^^^^^^^^^^^^^^^^
  File "/home/aditya/Downloads/SIH 2026/V1/venv/lib/python3.12/site-packages/fastapi/applications.py", line 1163, in __call__
    await super().__call__(scope, receive, send)
  File "/home/aditya/Downloads/SIH 2026/V1/venv/lib/python3.12/site-packages/starlette/applications.py", line 96, in __call__
    await self.middleware_stack(scope, receive, send)
  File "/home/aditya/Downloads/SIH 2026/V1/venv/lib/python3.12/site-packages/starlette/middleware/errors.py", line 186, in __call__
    raise exc
  File "/home/aditya/Downloads/SIH 2026/V1/venv/lib/python3.12/site-packages/starlette/middleware/errors.py", line 164, in __call__
    await self.app(scope, receive, _send)
  File "/home/aditya/Downloads/SIH 2026/V1/venv/lib/python3.12/site-packages/starlette/middleware/cors.py", line 88, in __call__
    await self.app(scope, receive, send)
  File "/home/aditya/Downloads/SIH 2026/V1/venv/lib/python3.12/site-packages/starlette/middleware/exceptions.py", line 63, in __call__
    await wrap_app_handling_exceptions(self.app, conn)(scope, receive, send)
  File "/home/aditya/Downloads/SIH 2026/V1/venv/lib/python3.12/site-packages/starlette/_exception_handler.py", line 53, in wrapped_app
    raise exc
  File "/home/aditya/Downloads/SIH 2026/V1/venv/lib/python3.12/site-packages/starlette/_exception_handler.py", line 42, in wrapped_app
    await app(scope, receive, sender)
  File "/home/aditya/Downloads/SIH 2026/V1/venv/lib/python3.12/site-packages/fastapi/middleware/asyncexitstack.py", line 18, in __call__
    await self.app(scope, receive, send)
  File "/home/aditya/Downloads/SIH 2026/V1/venv/lib/python3.12/site-packages/starlette/routing.py", line 670, in __call__
    await self.middleware_stack(scope, receive, send)
  File "/home/aditya/Downloads/SIH 2026/V1/venv/lib/python3.12/site-packages/fastapi/routing.py", line 2734, in app
    await route.handle(scope, receive, send)
  File "/home/aditya/Downloads/SIH 2026/V1/venv/lib/python3.12/site-packages/fastapi/routing.py", line 1780, in handle
    await self.original_router.handle(scope, receive, send)
  File "/home/aditya/Downloads/SIH 2026/V1/venv/lib/python3.12/site-packages/fastapi/routing.py", line 2789, in handle
    await included_router._handle_selected(scope, receive, send)
  File "/home/aditya/Downloads/SIH 2026/V1/venv/lib/python3.12/site-packages/fastapi/routing.py", line 1800, in _handle_selected
    await original_route.handle(scope, receive, send)
  File "/home/aditya/Downloads/SIH 2026/V1/venv/lib/python3.12/site-packages/fastapi/routing.py", line 1279, in handle
    await app(scope, receive, send)
  File "/home/aditya/Downloads/SIH 2026/V1/venv/lib/python3.12/site-packages/fastapi/routing.py", line 158, in app
    await wrap_app_handling_exceptions(app, request)(scope, receive, send)
  File "/home/aditya/Downloads/SIH 2026/V1/venv/lib/python3.12/site-packages/starlette/_exception_handler.py", line 53, in wrapped_app
    raise exc
  File "/home/aditya/Downloads/SIH 2026/V1/venv/lib/python3.12/site-packages/starlette/_exception_handler.py", line 42, in wrapped_app
    await app(scope, receive, sender)
  File "/home/aditya/Downloads/SIH 2026/V1/venv/lib/python3.12/site-packages/fastapi/routing.py", line 144, in app
    response = await f(request)
               ^^^^^^^^^^^^^^^^
  File "/home/aditya/Downloads/SIH 2026/V1/venv/lib/python3.12/site-packages/fastapi/routing.py", line 706, in app
    raw_response = await run_endpoint_function(
                   ^^^^^^^^^^^^^^^^^^^^^^^^^^^^
  File "/home/aditya/Downloads/SIH 2026/V1/venv/lib/python3.12/site-packages/fastapi/routing.py", line 352, in run_endpoint_function
    return await dependant.call(**values)
           ^^^^^^^^^^^^^^^^^^^^^^^^^^^^^^
  File "/home/aditya/Downloads/SIH 2026/V1/backend/app/portal_router.py", line 51, in portal_queue
    if patient and patient.birth_date:
                   ^^^^^^^^^^^^^^^^^^
AttributeError: 'User' object has no attribute 'birth_date'
